error: invalid character
  --> test:1:1
1 | ğŸ¥°
    ~
