@(0..257) {
  source: "parseOk/path.cz"
  items: [
    FnDef @(0..257) {
      name: @(3..4) `f`
      body: [
        Expr {
          Path @(13..14) {
            @(13..14) {
              suffix: [
                Item @(13..14) {
                  item: @(13..14) {
                    name: @(13..14) `a`
                  }
                }
              ]
            }
          }
        }
        Expr {
          Path @(19..35) {
            @(19..35) {
              prefix: [
                @(19..20) {
                  name: @(19..20) `a`
                }
                @(22..26) {
                  name: @(22..23) `b`
                  typeArgs: [
                    Path @(24..25) {
                      @(24..25) {
                        suffix: [
                          Item @(24..25) {
                            item: @(24..25) {
                              name: @(24..25) `T`
                            }
                          }
                        ]
                      }
                    }
                  ]
                }
              ]
              suffix: [
                Item @(28..35) {
                  item: @(28..35) {
                    name: @(28..29) `c`
                    typeArgs: [
                      Path @(30..31) {
                        @(30..31) {
                          suffix: [
                            Item @(30..31) {
                              item: @(30..31) {
                                name: @(30..31) `U`
                              }
                            }
                          ]
                        }
                      }
                      Path @(33..34) {
                        @(33..34) {
                          suffix: [
                            Item @(33..34) {
                              item: @(33..34) {
                                name: @(33..34) `V`
                              }
                            }
                          ]
                        }
                      }
                    ]
                  }
                }
              ]
            }
          }
        }
        Expr {
          Path @(41..45) {
            @(41..45) {
              suffix: [
                Item @(41..45) {
                  item: @(41..45) {
                    name: @(41..45) `self`
                  }
                }
              ]
            }
          }
        }
        Expr {
          Path @(50..73) {
            @(50..73) {
              prefix: [
                @(50..54) {
                  name: @(50..54) `self`
                }
                @(56..62) {
                  name: @(56..59) `foo`
                  typeArgs: [
                    Path @(60..61) {
                      @(60..61) {
                        suffix: [
                          Item @(60..61) {
                            item: @(60..61) {
                              name: @(60..61) `T`
                            }
                          }
                        ]
                      }
                    }
                  ]
                }
              ]
              suffix: [
                Item @(64..73) {
                  item: @(64..73) {
                    name: @(64..67) `bar`
                    typeArgs: [
                      Path @(68..69) {
                        @(68..69) {
                          suffix: [
                            Item @(68..69) {
                              item: @(68..69) {
                                name: @(68..69) `T`
                              }
                            }
                          ]
                        }
                      }
                      Path @(71..72) {
                        @(71..72) {
                          suffix: [
                            Item @(71..72) {
                              item: @(71..72) {
                                name: @(71..72) `U`
                              }
                            }
                          ]
                        }
                      }
                    ]
                  }
                }
              ]
            }
          }
        }
        Expr {
          Path @(78..82) {
            @(78..82) {
              suffix: [
                Item @(78..82) {
                  item: @(78..82) {
                    name: @(78..82) `self`
                  }
                }
              ]
            }
          }
        }
        Expr {
          Path @(87..110) {
            @(87..110) {
              prefix: [
                @(87..91) {
                  name: @(87..91) `self`
                }
                @(93..99) {
                  name: @(93..96) `foo`
                  typeArgs: [
                    Path @(97..98) {
                      @(97..98) {
                        suffix: [
                          Item @(97..98) {
                            item: @(97..98) {
                              name: @(97..98) `T`
                            }
                          }
                        ]
                      }
                    }
                  ]
                }
              ]
              suffix: [
                Item @(101..110) {
                  item: @(101..110) {
                    name: @(101..104) `bar`
                    typeArgs: [
                      Path @(105..106) {
                        @(105..106) {
                          suffix: [
                            Item @(105..106) {
                              item: @(105..106) {
                                name: @(105..106) `T`
                              }
                            }
                          ]
                        }
                      }
                      Path @(108..109) {
                        @(108..109) {
                          suffix: [
                            Item @(108..109) {
                              item: @(108..109) {
                                name: @(108..109) `U`
                              }
                            }
                          ]
                        }
                      }
                    ]
                  }
                }
              ]
            }
          }
        }
        Expr {
          Path @(161..178) {
            @(161..178) {
              origin: Package @(161..175) {
                name: `pkg`
              }
              suffix: [
                Item @(175..178) {
                  item: @(175..178) {
                    name: @(175..178) `foo`
                  }
                }
              ]
            }
          }
        }
        Expr {
          Path @(183..211) {
            @(183..211) {
              origin: Package @(183..197) {
                name: `pkg`
              }
              prefix: [
                @(197..203) {
                  name: @(197..200) `foo`
                  typeArgs: [
                    Path @(201..202) {
                      @(201..202) {
                        suffix: [
                          Item @(201..202) {
                            item: @(201..202) {
                              name: @(201..202) `T`
                            }
                          }
                        ]
                      }
                    }
                  ]
                }
              ]
              suffix: [
                Item @(205..211) {
                  item: @(205..211) {
                    name: @(205..208) `Bar`
                    typeArgs: [
                      Path @(209..210) {
                        @(209..210) {
                          suffix: [
                            Item @(209..210) {
                              item: @(209..210) {
                                name: @(209..210) `U`
                              }
                            }
                          ]
                        }
                      }
                    ]
                  }
                }
              ]
            }
          }
        }
        Expr {
          Path @(217..228) {
            @(217..228) {
              origin: Module @(217..225) {
              }
              suffix: [
                Item @(225..228) {
                  item: @(225..228) {
                    name: @(225..228) `foo`
                  }
                }
              ]
            }
          }
        }
        Expr {
          Path @(233..255) {
            @(233..255) {
              origin: Module @(233..241) {
              }
              prefix: [
                @(241..247) {
                  name: @(241..244) `foo`
                  typeArgs: [
                    Path @(245..246) {
                      @(245..246) {
                        suffix: [
                          Item @(245..246) {
                            item: @(245..246) {
                              name: @(245..246) `T`
                            }
                          }
                        ]
                      }
                    }
                  ]
                }
              ]
              suffix: [
                Item @(249..255) {
                  item: @(249..255) {
                    name: @(249..252) `Bar`
                    typeArgs: [
                      Path @(253..254) {
                        @(253..254) {
                          suffix: [
                            Item @(253..254) {
                              item: @(253..254) {
                                name: @(253..254) `U`
                              }
                            }
                          ]
                        }
                      }
                    ]
                  }
                }
              ]
            }
          }
        }
      ]
    }
  ]
}
