@(0..620) {
  source: "parseOk/type_args.cz"
  items: [
    FnDef @(0..620) {
      name: @(3..4) `f`
      body: [
        Expr {
          Path @(13..16) {
            @(13..16) {
              suffix: [
                Item @(13..16) {
                  item: @(13..16) {
                    name: @(13..14) `T`
                  }
                }
              ]
            }
          }
        }
        Expr {
          Selector @(21..26) {
            value: Path @(21..24) {
              @(21..24) {
                suffix: [
                  Item @(21..24) {
                    item: @(21..24) {
                      name: @(21..22) `T`
                    }
                  }
                ]
              }
            }
            name: @(25..26) `0`
          }
        }
        Expr {
          Index @(31..39) {
            value: Path @(31..34) {
              @(31..34) {
                suffix: [
                  Item @(31..34) {
                    item: @(31..34) {
                      name: @(31..32) `T`
                    }
                  }
                ]
              }
            }
            index: Path @(35..38) {
              @(35..38) {
                suffix: [
                  Item @(35..38) {
                    item: @(35..38) {
                      name: @(35..36) `T`
                    }
                  }
                ]
              }
            }
          }
        }
        Expr {
          Path @(45..51) {
            @(45..51) {
              suffix: [
                Item @(45..51) {
                  item: @(45..51) {
                    name: @(45..46) `T`
                    typeArgs: [
                      Path @(47..51) {
                        @(47..51) {
                          suffix: [
                            Item @(47..51) {
                              item: @(47..51) {
                                name: @(47..48) `T`
                              }
                            }
                          ]
                        }
                      }
                    ]
                  }
                }
              ]
            }
          }
        }
        Expr {
          Selector @(56..64) {
            value: Path @(56..62) {
              @(56..62) {
                suffix: [
                  Item @(56..62) {
                    item: @(56..62) {
                      name: @(56..57) `T`
                      typeArgs: [
                        Path @(58..62) {
                          @(58..62) {
                            suffix: [
                              Item @(58..62) {
                                item: @(58..62) {
                                  name: @(58..59) `T`
                                }
                              }
                            ]
                          }
                        }
                      ]
                    }
                  }
                ]
              }
            }
            name: @(63..64) `0`
          }
        }
        Expr {
          Index @(69..83) {
            value: Path @(69..75) {
              @(69..75) {
                suffix: [
                  Item @(69..75) {
                    item: @(69..75) {
                      name: @(69..70) `T`
                      typeArgs: [
                        Path @(71..75) {
                          @(71..75) {
                            suffix: [
                              Item @(71..75) {
                                item: @(71..75) {
                                  name: @(71..72) `T`
                                }
                              }
                            ]
                          }
                        }
                      ]
                    }
                  }
                ]
              }
            }
            index: Path @(76..82) {
              @(76..82) {
                suffix: [
                  Item @(76..82) {
                    item: @(76..82) {
                      name: @(76..77) `T`
                      typeArgs: [
                        Path @(78..82) {
                          @(78..82) {
                            suffix: [
                              Item @(78..82) {
                                item: @(78..82) {
                                  name: @(78..79) `T`
                                }
                              }
                            ]
                          }
                        }
                      ]
                    }
                  }
                ]
              }
            }
          }
        }
        Expr {
          Path @(89..96) {
            @(89..96) {
              suffix: [
                Item @(89..96) {
                  item: @(89..96) {
                    name: @(89..90) `T`
                    typeArgs: [
                      Path @(91..92) {
                        @(91..92) {
                          suffix: [
                            Item @(91..92) {
                              item: @(91..92) {
                                name: @(91..92) `U`
                              }
                            }
                          ]
                        }
                      }
                      Path @(94..95) {
                        @(94..95) {
                          suffix: [
                            Item @(94..95) {
                              item: @(94..95) {
                                name: @(94..95) `V`
                              }
                            }
                          ]
                        }
                      }
                    ]
                  }
                }
              ]
            }
          }
        }
        Expr {
          Selector @(101..133) {
            value: Path @(101..131) {
              @(101..131) {
                suffix: [
                  Item @(101..131) {
                    item: @(101..131) {
                      name: @(101..102) `T`
                      typeArgs: [
                        Path @(112..113) {
                          @(112..113) {
                            suffix: [
                              Item @(112..113) {
                                item: @(112..113) {
                                  name: @(112..113) `U`
                                }
                              }
                            ]
                          }
                        }
                        Path @(123..124) {
                          @(123..124) {
                            suffix: [
                              Item @(123..124) {
                                item: @(123..124) {
                                  name: @(123..124) `V`
                                }
                              }
                            ]
                          }
                        }
                      ]
                    }
                  }
                ]
              }
            }
            name: @(132..133) `0`
          }
        }
        Expr {
          Index @(138..155) {
            value: Path @(138..145) {
              @(138..145) {
                suffix: [
                  Item @(138..145) {
                    item: @(138..145) {
                      name: @(138..139) `T`
                      typeArgs: [
                        Path @(140..141) {
                          @(140..141) {
                            suffix: [
                              Item @(140..141) {
                                item: @(140..141) {
                                  name: @(140..141) `U`
                                }
                              }
                            ]
                          }
                        }
                        Path @(143..144) {
                          @(143..144) {
                            suffix: [
                              Item @(143..144) {
                                item: @(143..144) {
                                  name: @(143..144) `V`
                                }
                              }
                            ]
                          }
                        }
                      ]
                    }
                  }
                ]
              }
            }
            index: Path @(146..154) {
              @(146..154) {
                suffix: [
                  Item @(146..154) {
                    item: @(146..154) {
                      name: @(146..147) `T`
                      typeArgs: [
                        Path @(148..149) {
                          @(148..149) {
                            suffix: [
                              Item @(148..149) {
                                item: @(148..149) {
                                  name: @(148..149) `U`
                                }
                              }
                            ]
                          }
                        }
                        Path @(151..152) {
                          @(151..152) {
                            suffix: [
                              Item @(151..152) {
                                item: @(151..152) {
                                  name: @(151..152) `V`
                                }
                              }
                            ]
                          }
                        }
                      ]
                    }
                  }
                ]
              }
            }
          }
        }
        Expr {
          Path @(161..177) {
            @(161..177) {
              suffix: [
                Item @(161..177) {
                  item: @(161..177) {
                    name: @(161..162) `T`
                    typeArgs: [
                      Path @(163..164) {
                        @(163..164) {
                          suffix: [
                            Item @(163..164) {
                              item: @(163..164) {
                                name: @(163..164) `U`
                              }
                            }
                          ]
                        }
                      }
                      Path @(166..167) {
                        @(166..167) {
                          suffix: [
                            Item @(166..167) {
                              item: @(166..167) {
                                name: @(166..167) `V`
                              }
                            }
                          ]
                        }
                      }
                      Path @(169..177) {
                        @(169..177) {
                          suffix: [
                            Item @(169..177) {
                              item: @(169..177) {
                                name: @(169..170) `T`
                                typeArgs: [
                                  Path @(171..172) {
                                    @(171..172) {
                                      suffix: [
                                        Item @(171..172) {
                                          item: @(171..172) {
                                            name: @(171..172) `U`
                                          }
                                        }
                                      ]
                                    }
                                  }
                                  Path @(174..175) {
                                    @(174..175) {
                                      suffix: [
                                        Item @(174..175) {
                                          item: @(174..175) {
                                            name: @(174..175) `V`
                                          }
                                        }
                                      ]
                                    }
                                  }
                                ]
                              }
                            }
                          ]
                        }
                      }
                    ]
                  }
                }
              ]
            }
          }
        }
        Expr {
          Selector @(182..281) {
            value: Path @(182..279) {
              @(182..279) {
                suffix: [
                  Item @(182..279) {
                    item: @(182..279) {
                      name: @(182..183) `T`
                      typeArgs: [
                        Path @(193..194) {
                          @(193..194) {
                            suffix: [
                              Item @(193..194) {
                                item: @(193..194) {
                                  name: @(193..194) `U`
                                }
                              }
                            ]
                          }
                        }
                        Path @(204..205) {
                          @(204..205) {
                            suffix: [
                              Item @(204..205) {
                                item: @(204..205) {
                                  name: @(204..205) `V`
                                }
                              }
                            ]
                          }
                        }
                        Path @(215..273) {
                          @(215..273) {
                            suffix: [
                              Item @(215..273) {
                                item: @(215..273) {
                                  name: @(215..216) `T`
                                  typeArgs: [
                                    Path @(243..244) {
                                      @(243..244) {
                                        suffix: [
                                          Item @(243..244) {
                                            item: @(243..244) {
                                              name: @(243..244) `U`
                                            }
                                          }
                                        ]
                                      }
                                    }
                                    Path @(258..259) {
                                      @(258..259) {
                                        suffix: [
                                          Item @(258..259) {
                                            item: @(258..259) {
                                              name: @(258..259) `V`
                                            }
                                          }
                                        ]
                                      }
                                    }
                                  ]
                                }
                              }
                            ]
                          }
                        }
                      ]
                    }
                  }
                ]
              }
            }
            name: @(280..281) `0`
          }
        }
        Expr {
          Index @(286..321) {
            value: Path @(286..302) {
              @(286..302) {
                suffix: [
                  Item @(286..302) {
                    item: @(286..302) {
                      name: @(286..287) `T`
                      typeArgs: [
                        Path @(288..289) {
                          @(288..289) {
                            suffix: [
                              Item @(288..289) {
                                item: @(288..289) {
                                  name: @(288..289) `U`
                                }
                              }
                            ]
                          }
                        }
                        Path @(291..292) {
                          @(291..292) {
                            suffix: [
                              Item @(291..292) {
                                item: @(291..292) {
                                  name: @(291..292) `V`
                                }
                              }
                            ]
                          }
                        }
                        Path @(294..302) {
                          @(294..302) {
                            suffix: [
                              Item @(294..302) {
                                item: @(294..302) {
                                  name: @(294..295) `T`
                                  typeArgs: [
                                    Path @(296..297) {
                                      @(296..297) {
                                        suffix: [
                                          Item @(296..297) {
                                            item: @(296..297) {
                                              name: @(296..297) `U`
                                            }
                                          }
                                        ]
                                      }
                                    }
                                    Path @(299..300) {
                                      @(299..300) {
                                        suffix: [
                                          Item @(299..300) {
                                            item: @(299..300) {
                                              name: @(299..300) `V`
                                            }
                                          }
                                        ]
                                      }
                                    }
                                  ]
                                }
                              }
                            ]
                          }
                        }
                      ]
                    }
                  }
                ]
              }
            }
            index: Path @(303..320) {
              @(303..320) {
                suffix: [
                  Item @(303..320) {
                    item: @(303..320) {
                      name: @(303..304) `T`
                      typeArgs: [
                        Path @(305..306) {
                          @(305..306) {
                            suffix: [
                              Item @(305..306) {
                                item: @(305..306) {
                                  name: @(305..306) `U`
                                }
                              }
                            ]
                          }
                        }
                        Path @(308..309) {
                          @(308..309) {
                            suffix: [
                              Item @(308..309) {
                                item: @(308..309) {
                                  name: @(308..309) `V`
                                }
                              }
                            ]
                          }
                        }
                        Path @(311..318) {
                          @(311..318) {
                            suffix: [
                              Item @(311..318) {
                                item: @(311..318) {
                                  name: @(311..312) `T`
                                  typeArgs: [
                                    Path @(313..314) {
                                      @(313..314) {
                                        suffix: [
                                          Item @(313..314) {
                                            item: @(313..314) {
                                              name: @(313..314) `U`
                                            }
                                          }
                                        ]
                                      }
                                    }
                                    Path @(316..317) {
                                      @(316..317) {
                                        suffix: [
                                          Item @(316..317) {
                                            item: @(316..317) {
                                              name: @(316..317) `V`
                                            }
                                          }
                                        ]
                                      }
                                    }
                                  ]
                                }
                              }
                            ]
                          }
                        }
                      ]
                    }
                  }
                ]
              }
            }
          }
        }
        Expr {
          Path @(371..378) {
            @(371..378) {
              suffix: [
                Item @(371..378) {
                  item: @(371..378) {
                    name: @(371..372) `T`
                    typeArgs: [
                      Path @(373..374) {
                        @(373..374) {
                          suffix: [
                            Item @(373..374) {
                              item: @(373..374) {
                                name: @(373..374) `U`
                              }
                            }
                          ]
                        }
                      }
                      Path @(376..377) {
                        @(376..377) {
                          suffix: [
                            Item @(376..377) {
                              item: @(376..377) {
                                name: @(376..377) `V`
                              }
                            }
                          ]
                        }
                      }
                    ]
                  }
                }
              ]
            }
          }
        }
        Expr {
          BinaryOp @(385..388) {
            kind: @(386..387) `LT`
            left: Path @(385..386) {
              @(385..386) {
                suffix: [
                  Item @(385..386) {
                    item: @(385..386) {
                      name: @(385..386) `T`
                    }
                  }
                ]
              }
            }
            right: Path @(387..388) {
              @(387..388) {
                suffix: [
                  Item @(387..388) {
                    item: @(387..388) {
                      name: @(387..388) `U`
                    }
                  }
                ]
              }
            }
          }
        }
        Expr {
          FnCall @(395..405) {
            args: [
              {
                value: BinaryOp @(396..399) {
                  kind: @(397..398) `LT`
                  left: Path @(396..397) {
                    @(396..397) {
                      suffix: [
                        Item @(396..397) {
                          item: @(396..397) {
                            name: @(396..397) `T`
                          }
                        }
                      ]
                    }
                  }
                  right: Path @(398..399) {
                    @(398..399) {
                      suffix: [
                        Item @(398..399) {
                          item: @(398..399) {
                            name: @(398..399) `U`
                          }
                        }
                      ]
                    }
                  }
                }
              }
              {
                value: BinaryOp @(401..404) {
                  kind: @(402..403) `GT`
                  left: Path @(401..402) {
                    @(401..402) {
                      suffix: [
                        Item @(401..402) {
                          item: @(401..402) {
                            name: @(401..402) `V`
                          }
                        }
                      ]
                    }
                  }
                  right: Int @(403..404) {
                    `0`
                  }
                }
              }
            ]
          }
        }
        Expr {
          FnCall @(410..416) {
            args: [
              {
                value: BinaryOp @(411..414) {
                  kind: @(412..413) `LT`
                  left: Path @(411..412) {
                    @(411..412) {
                      suffix: [
                        Item @(411..412) {
                          item: @(411..412) {
                            name: @(411..412) `T`
                          }
                        }
                      ]
                    }
                  }
                  right: Path @(413..414) {
                    @(413..414) {
                      suffix: [
                        Item @(413..414) {
                          item: @(413..414) {
                            name: @(413..414) `U`
                          }
                        }
                      ]
                    }
                  }
                }
              }
            ]
          }
        }
        Expr {
          FnCall @(421..428) {
            args: [
              {
                value: Path @(422..426) {
                  @(422..426) {
                    suffix: [
                      Item @(422..426) {
                        item: @(422..426) {
                          name: @(422..423) `T`
                          typeArgs: [
                            Path @(424..425) {
                              @(424..425) {
                                suffix: [
                                  Item @(424..425) {
                                    item: @(424..425) {
                                      name: @(424..425) `U`
                                    }
                                  }
                                ]
                              }
                            }
                          ]
                        }
                      }
                    ]
                  }
                }
              }
            ]
          }
        }
      ]
    }
  ]
}
